Connected.
SQL> create table customer(
  2  customer number number(7),
  3  name varchar(15),
  4  email varchar(20));
customer number number(7),
                *
ERROR at line 2:
ORA-00907: missing right parenthesis


SQL> create table customer(
  2  customer num number(7),
  3  name varchar(15),
  4  email varchar(20));
customer num number(7),
             *
ERROR at line 2:
ORA-00907: missing right parenthesis


SQL> create table customer(
  2  customer_no number(7) not null primary key,
  3  name varchar(15) not null,
  4  email varchar(20) not null unique);

Table created.

SQL> create table orders(
  2  orders_no number(7),
  3  orders_date varchar(12),
  4  handeling_cost number(15),
  5  customer_no number(7) not null primary key);

Table created.


SQL> create table product(
  2  product_no number(7),
  3  product_name varchar(15),
  4  list_price number(12));

Table created.

SQL>
